// Jest Snapshot v1, https://goo.gl/fbAQLP

exports[`DesktopNavbar matches snapshot of the flyout with latest seasons 1`] = `
<DocumentFragment>
  <div
    class="flex items-center justify-between w-full"
    data-testid="desktop-navbar"
  >
    <div
      class="relative flex flex-col items-center group w-24"
      data-testid="desktop-nav-recaps"
    >
      <button
        class="w-full h-12 flex items-center justify-center hover:text-green-400 transition-colors duration-300"
        data-testid="desktop-recaps-button"
      >
        Recaps
      </button>
      <div
        class="absolute top-[calc(100%-.5rem)] w-4 h-4 bg-white rotate-45 shadow-lg hidden group-hover:block"
      />
      <div
        class="absolute top-full flex-col bg-gray-50 text-black shadow-lg rounded-md z-50 min-w-[180px] py-2 ease-in-out"
        data-testid="desktop-recaps-flyout"
      >
        <div
          class="relative group/season w-full"
          data-testid="desktop-season-2023"
        >
          <button
            class="w-full flex justify-center items-center h-10 px-4 py-2 rounded-md whitespace-nowrap hover:bg-gradient-to-r hover:from-green-100 hover:to-green-300"
            data-testid="desktop-season-button-2023"
          >
            2023 Season
          </button>
          <div
            class="absolute top-1/2 left-full -translate-y-1/2 -ml-2 w-4 h-4 bg-gray-50 shadow-md rotate-45 hidden group-hover/season:block"
          />
          <div
            class="absolute top-0 left-full hidden group-hover/season:flex flex-col bg-gray-50 text-black p-2 min-w-[100px] w-full rounded-md"
          >
            <a
              class="px-4 py-2 rounded-md hover:bg-gradient-to-r hover:from-green-300 hover:to-green-100 transition-colors duration-300 whitespace-nowrap"
              data-testid="desktop-week-2023-1"
              href="/recaps/2023/week-1"
            >
              Week 1
            </a>
            <a
              class="px-4 py-2 rounded-md hover:bg-gradient-to-r hover:from-green-300 hover:to-green-100 transition-colors duration-300 whitespace-nowrap"
              data-testid="desktop-week-2023-2"
              href="/recaps/2023/week-2"
            >
              Week 2
            </a>
            <a
              class="px-4 py-2 rounded-md hover:bg-gradient-to-r hover:from-green-300 hover:to-green-100 transition-colors duration-300 whitespace-nowrap"
              data-testid="desktop-week-2023-3"
              href="/recaps/2023/week-3"
            >
              Week 3
            </a>
          </div>
        </div>
        <div
          class="relative group/season w-full"
          data-testid="desktop-season-2022"
        >
          <button
            class="w-full flex justify-center items-center h-10 px-4 py-2 rounded-md whitespace-nowrap hover:bg-gradient-to-r hover:from-green-100 hover:to-green-300"
            data-testid="desktop-season-button-2022"
          >
            2022 Season
          </button>
          <div
            class="absolute top-1/2 left-full -translate-y-1/2 -ml-2 w-4 h-4 bg-gray-50 shadow-md rotate-45 hidden group-hover/season:block"
          />
          <div
            class="absolute top-0 left-full hidden group-hover/season:flex flex-col bg-gray-50 text-black p-2 min-w-[100px] w-full rounded-md"
          >
            <a
              class="px-4 py-2 rounded-md hover:bg-gradient-to-r hover:from-green-300 hover:to-green-100 transition-colors duration-300 whitespace-nowrap"
              data-testid="desktop-week-2022-5"
              href="/recaps/2022/week-5"
            >
              Week 5
            </a>
          </div>
        </div>
        <div
          class="relative group/season w-full"
          data-testid="desktop-season-2021"
        >
          <button
            class="w-full flex justify-center items-center h-10 px-4 py-2 rounded-md whitespace-nowrap hover:bg-gradient-to-r hover:from-green-100 hover:to-green-300"
            data-testid="desktop-season-button-2021"
          >
            2021 Season
          </button>
          <div
            class="absolute top-1/2 left-full -translate-y-1/2 -ml-2 w-4 h-4 bg-gray-50 shadow-md rotate-45 hidden group-hover/season:block"
          />
          <div
            class="absolute top-0 left-full hidden group-hover/season:flex flex-col bg-gray-50 text-black p-2 min-w-[100px] w-full rounded-md"
          >
            <a
              class="px-4 py-2 rounded-md hover:bg-gradient-to-r hover:from-green-300 hover:to-green-100 transition-colors duration-300 whitespace-nowrap"
              data-testid="desktop-week-2021-4"
              href="/recaps/2021/week-4"
            >
              Week 4
            </a>
          </div>
        </div>
        <div
          class="border-t border-gray-300 my-2"
        />
        <button
          class="block text-center w-full px-4 py-2 text-green-600 hover:text-green-800 font-semibold hover:bg-green-300 rounded-md transition-colors duration-300"
          data-testid="desktop-toggle-older-seasons"
        >
          View Older Seasons
        </button>
        <a
          class="block text-center px-4 py-2 text-blue-600 hover:text-blue-800 font-semibold hover:bg-blue-300 rounded-md transition-colors duration-300"
          data-testid="view-all-recaps"
          href="/recaps/viewAllRecaps"
        >
          View All Recaps
        </a>
      </div>
    </div>
    <div
      class="flex items-center space-x-8 ml-auto"
      data-testid="nav-static-links"
    >
      <a
        class="hover:text-green-400 transition-colors duration-300"
        data-testid="nav-link-home"
        href="/"
      >
        Home
      </a>
      <a
        class="hover:text-green-400 transition-colors duration-300"
        data-testid="nav-link-about"
        href="/about"
      >
        About
      </a>
      <a
        class="hover:text-green-400 transition-colors duration-300"
        data-testid="nav-link-contact"
        href="/contact"
      >
        Contact
      </a>
    </div>
  </div>
</DocumentFragment>
`;
