// Jest Snapshot v1, https://goo.gl/fbAQLP

exports[`HeaderLogo matches the snapshot 1`] = `
<DocumentFragment>
  <a
    class="relative inline-flex items-center justify-center group h-12"
    data-testid="header-logo-link"
    href="/"
  >
    <span
      class="absolute top-0 bottom-0 left-[-10px] right-[-20px] bg-green-600 skew-x-[-25deg] -z-20 transition-transform duration-500 ease-in-out group-hover:scale-x-110 group-hover:bg-green-700"
      data-testid="header-logo-bg-dark"
    />
    <span
      class="absolute top-0 bottom-0 left-0 right-[-10px] bg-green-500 skew-x-[-25deg] -z-10 transition-transform duration-500 ease-in-out group-hover:scale-x-105 group-hover:shadow-lg"
      data-testid="header-logo-bg-light"
    />
    <div
      class="lg:pr-0 lg:pl-4 relative z-10 flex items-center gap-2"
      data-testid="header-logo-container"
    >
      <img
        alt="League Name"
        class="drop-shadow-medium"
        data-testid="header-logo-name"
        height="11"
        src="/I75League.png"
        width="88"
      />
      <img
        alt="League Logo"
        class="h-12 w-auto drop-shadow-medium"
        data-testid="header-logo-dynamic"
        height="11"
        src="/dynamic-logo.png"
        width="88"
      />
    </div>
  </a>
</DocumentFragment>
`;
