// Jest Snapshot v1, https://goo.gl/fbAQLP

exports[`LeaderDudSection matches snapshot when leader has notes but dud does not 1`] = `
<DocumentFragment>
  <div
    data-testid="lds-section"
  >
    <h3
      class="text-xl font-semibold mb-1"
      data-testid="lds-leader-heading"
    >
      Points Leader: Player X
      <span
        class="ml-1 text-green-500"
        data-testid="lds-leader-points"
      >
        (42)
      </span>
    </h3>
    <div
      class="text-gray-800 mb-4 whitespace-pre-wrap"
      data-testid="lds-leader-notes"
    >
      MVP of the week
    </div>
    <h3
      class="text-xl font-semibold mb-1"
      data-testid="lds-dud-heading"
    >
      Dud: Player Z
      <span
        class="ml-1 text-red-500"
        data-testid="lds-dud-points"
      >
        (7)
      </span>
    </h3>
  </div>
</DocumentFragment>
`;
