// Jest Snapshot v1, https://goo.gl/fbAQLP

exports[`ContactPage matches the snapshot 1`] = `
<DocumentFragment>
  <title>
    Contact â€“ I75 League Recaps
  </title>
  <meta
    content="Get in touch with the I75 League recap team."
    name="description"
  />
  <main
    class="pt-6 max-w-2xl mx-auto px-4"
    data-testid="contact-main"
  >
    <h1
      class="text-4xl font-bold mb-4"
    >
      Contact Us
    </h1>
    <p
      class="text-lg mb-6"
    >
      For questions about the site, to join our league, or to share feedback, drop us a line:
    </p>
    <p
      class="mb-8"
    >
      <a
        class="text-green-600 hover:underline"
        data-testid="contact-email-link"
        href="mailto:notCurrentlyActiveEmail@i75league.com"
      >
        notCurrentlyActiveEmail@i75league.com
      </a>
    </p>
    <form
      class="space-y-4"
      data-testid="contact-form"
    >
      <div
        data-testid="contact-form-name-section"
      >
        <label
          class="block mb-1 font-medium"
          for="name"
        >
          Name
        </label>
        <input
          class="w-full border px-3 py-2 rounded-md"
          id="name"
          required=""
          type="text"
        />
      </div>
      <div
        data-testid="contact-form-email-section"
      >
        <label
          class="block mb-1 font-medium"
          for="email"
        >
          Email
        </label>
        <input
          class="w-full border px-3 py-2 rounded-md"
          id="email"
          required=""
          type="email"
        />
      </div>
      <div
        data-testid="contact-form-message-section"
      >
        <label
          class="block mb-1 font-medium"
          for="message"
        >
          Message
        </label>
        <textarea
          class="w-full border px-3 py-2 rounded-md"
          id="message"
          required=""
          rows="4"
        />
      </div>
      <button
        class="px-6 py-3 bg-green-600 text-white rounded-md hover:bg-green-700 transition"
        data-testid="contact-form-submit"
        type="submit"
      >
        Send Message - Not Functional
      </button>
    </form>
  </main>
</DocumentFragment>
`;
